bbl loader
[    0.000000] Linux version 5.10.0 (hn@amarillo) (riscv64-linux-gnu-gcc (Ubuntu 7.5.0-3ubuntu1~18.04) 7.5.0, GNU ld (GNU Binutils for Ubuntu) 2.30) #1 SMP Mon Jul 19 13:32:59 PDT 2021
[    0.000000] OF: fdt: Ignoring memory range 0x80000000 - 0x80200000
[    0.000000] efi: UEFI not found.
[    0.000000] Zone ranges:
[    0.000000]   DMA32    [mem 0x0000000080200000-0x00000000ffffffff]
[    0.000000]   Normal   [mem 0x0000000100000000-0x000000027fffffff]
[    0.000000] Movable zone start for each node
[    0.000000] Early memory node ranges
[    0.000000]   node   0: [mem 0x0000000080200000-0x000000027fffffff]
[    0.000000] Initmem setup node 0 [mem 0x0000000080200000-0x000000027fffffff]
[    0.000000] software IO TLB: mapped [mem 0x00000000fbfff000-0x00000000fffff000] (64MB)
[    0.000000] SBI specification v0.1 detected
[    0.000000] riscv: ISA extensions abcdefhimnoprstv
[    0.000000] riscv: ELF capabilities acdfim
[    0.000000] percpu: Embedded 16 pages/cpu s26200 r8192 d31144 u65536
[    0.000000] Built 1 zonelists, mobility grouping on.  Total pages: 2067975
[    0.000000] Kernel command line: console=ttyS0 root=/dev/vda disk_device=/dev/vda rw
[    0.000000] Dentry cache hash table entries: 1048576 (order: 11, 8388608 bytes, linear)
[    0.000000] Inode-cache hash table entries: 524288 (order: 10, 4194304 bytes, linear)
[    0.000000] Sorting __ex_table...
[    0.000000] mem auto-init: stack:off, heap alloc:off, heap free:off
[    0.000000] Memory: 8180096K/8386560K available (5866K kernel code, 3086K rwdata, 2048K rodata, 189K init, 341K bss, 206464K reserved, 0K cma-reserved)
[    0.000000] SLUB: HWalign=64, Order=0-3, MinObjects=0, CPUs=1, Nodes=1
[    0.000000] rcu: Hierarchical RCU implementation.
[    0.000000] rcu: 	RCU restricting CPUs from NR_CPUS=8 to nr_cpu_ids=1.
[    0.000000] 	Tracing variant of Tasks RCU enabled.
[    0.000000] rcu: RCU calculated value of scheduler-enlistment delay is 25 jiffies.
[    0.000000] rcu: Adjusting geometry for rcu_fanout_leaf=16, nr_cpu_ids=1
[    0.000000] NR_IRQS: 64, nr_irqs: 64, preallocated irqs: 0
[    0.000000] riscv-intc: 64 local interrupts mapped
[    0.000000] plic: plic@c000000: mapped 20 interrupts with 1 handlers for 2 contexts.
[    0.000000] random: get_random_bytes called from start_kernel+0x316/0x496 with crng_init=0
[    0.000000] riscv_timer_init_dt: Registering clocksource cpuid [0] hartid [0]
[    0.000000] clocksource: riscv_clocksource: mask: 0xffffffffffffffff max_cycles: 0x171024e7e0, max_idle_ns: 440795205315 ns
[    0.000004] sched_clock: 64 bits at 100MHz, resolution 10ns, wraps every 4398046511100ns
[    0.000081] Console: colour dummy device 80x25
[    0.000096] Calibrating delay loop (skipped), value calculated using timer frequency.. 200.00 BogoMIPS (lpj=400000)
[    0.000108] pid_max: default: 32768 minimum: 301
[    0.000218] Mount-cache hash table entries: 16384 (order: 5, 131072 bytes, linear)
[    0.000248] Mountpoint-cache hash table entries: 16384 (order: 5, 131072 bytes, linear)
[    0.000800] rcu: Hierarchical SRCU implementation.
[    0.000863] EFI services will not be available.
[    0.000898] smp: Bringing up secondary CPUs ...
[    0.000906] smp: Brought up 1 node, 1 CPU
[    0.001193] devtmpfs: initialized
[    0.001763] clocksource: jiffies: mask: 0xffffffff max_cycles: 0xffffffff, max_idle_ns: 7645041785100000 ns
[    0.001774] futex hash table entries: 256 (order: 2, 16384 bytes, linear)
[    0.001918] NET: Registered protocol family 16
[    0.009187] vgaarb: loaded
[    0.009341] SCSI subsystem initialized
[    0.009491] usbcore: registered new interface driver usbfs
[    0.009519] usbcore: registered new interface driver hub
[    0.009541] usbcore: registered new device driver usb
[    0.009913] clocksource: Switched to clocksource riscv_clocksource
[    0.012673] NET: Registered protocol family 2
[    0.013059] tcp_listen_portaddr_hash hash table entries: 4096 (order: 4, 65536 bytes, linear)
[    0.013139] TCP established hash table entries: 65536 (order: 7, 524288 bytes, linear)
[    0.014007] TCP bind hash table entries: 65536 (order: 8, 1048576 bytes, linear)
[    0.014932] TCP: Hash tables configured (established 65536 bind 65536)
[    0.014976] UDP hash table entries: 4096 (order: 5, 131072 bytes, linear)
[    0.015130] UDP-Lite hash table entries: 4096 (order: 5, 131072 bytes, linear)
[    0.015329] NET: Registered protocol family 1
[    0.015506] RPC: Registered named UNIX socket transport module.
[    0.015513] RPC: Registered udp transport module.
[    0.015519] RPC: Registered tcp transport module.
[    0.015526] RPC: Registered tcp NFSv4.1 backchannel transport module.
[    0.015533] PCI: CLS 0 bytes, default 64
[    0.015825] workingset: timestamp_bits=62 max_order=21 bucket_order=0
[    0.020771] NFS: Registering the id_resolver key type
[    0.020798] Key type id_resolver registered
[    0.020804] Key type id_legacy registered
[    0.020865] nfs4filelayout_init: NFSv4 File Layout Driver Registering...
[    0.021012] NET: Registered protocol family 38
[    0.021029] Block layer SCSI generic (bsg) driver version 0.4 loaded (major 254)
[    0.021036] io scheduler mq-deadline registered
[    0.021042] io scheduler kyber registered
[    0.037702] Serial: 8250/16550 driver, 4 ports, IRQ sharing disabled
[    0.038250] printk: console [ttyS0] disabled
[    0.038266] 10000000.uart: ttyS0 at MMIO 0x10000000 (irq = 1, base_baud = 230400) is a 8250
[    0.039128] printk: console [ttyS0] enabled
[    0.039258] [drm] radeon kernel modesetting enabled.
[    0.041578] loop: module loaded
[    0.041683] virtio_blk virtio0: [vda] 102400 512-byte logical blocks (52.4 MB/50.0 MiB)
[    0.041702] vda: detected capacity change from 0 to 52428800
[    0.042443] libphy: Fixed MDIO Bus: probed
[    0.042828] ehci_hcd: USB 2.0 'Enhanced' Host Controller (EHCI) Driver
[    0.042842] ehci-pci: EHCI PCI platform driver
[    0.042870] ehci-platform: EHCI generic platform driver
[    0.042904] ohci_hcd: USB 1.1 'Open' Host Controller (OHCI) Driver
[    0.042918] ohci-pci: OHCI PCI platform driver
[    0.042947] ohci-platform: OHCI generic platform driver
[    0.043078] usbcore: registered new interface driver uas
[    0.043114] usbcore: registered new interface driver usb-storage
[    0.043173] mousedev: PS/2 mouse device common for all mice
[    0.043284] usbcore: registered new interface driver usbhid
[    0.043297] usbhid: USB HID core driver
[    0.043746] NET: Registered protocol family 10
[    0.044099] Segment Routing with IPv6
[    0.044145] sit: IPv6, IPv4 and MPLS over IPv4 tunneling driver
[    0.044436] NET: Registered protocol family 17
[    0.044489] Key type dns_resolver registered
[    0.045447] EXT4-fs (vda): mounted filesystem without journal. Opts: (null)
[    0.045473] VFS: Mounted root (ext4 filesystem) on device 254:0.
[    0.045805] devtmpfs: mounted
[    0.045859] Freeing unused kernel memory: 188K
[    0.054175] Run /sbin/init as init process
ip: can't find device 'eth0'
ip: SIOCGIFFLAGS: No such device
ip: can't find device 'eth0'
